2026-03-24 10:59:18,231 - INFO - Starting Ride Analytics Engine...
2026-03-24 10:59:18,232 - INFO - Loading CSV files...
2026-03-24 10:59:18,242 - INFO - Files loaded successfully
2026-03-24 10:59:18,242 - INFO - Validating drivers...
2026-03-24 10:59:18,247 - INFO - Valid drivers: 8, Removed: 2
2026-03-24 10:59:18,247 - INFO - Validating rides...
2026-03-24 10:59:18,255 - INFO - Valid rides: 9, Removed: 6
2026-03-24 10:59:18,255 - INFO - Generating anomaly report...
2026-03-24 10:59:18,255 - INFO - Checking high fare anomalies...
2026-03-24 10:59:18,258 - INFO - High fare anomalies found: 1
2026-03-24 10:59:18,258 - INFO - Checking rapid ride anomalies...
2026-03-24 10:59:18,266 - INFO - Rapid ride anomalies found: 0
2026-03-24 10:59:18,268 - INFO - Anomaly report generated
2026-03-24 10:59:18,269 - INFO - Calculating performance metrics...
2026-03-24 10:59:18,280 - INFO - Performance calculation completed
2026-03-24 10:59:18,286 - INFO - Files saved successfully
2026-03-24 10:59:18,287 - INFO - Engine execution completed
2026-03-24 11:05:43,876 - INFO - Starting Ride Analytics Engine...
2026-03-24 11:05:43,877 - INFO - Loading CSV files...
2026-03-24 11:05:43,891 - INFO - Files loaded successfully
2026-03-24 11:05:43,891 - INFO - Validating drivers...
2026-03-24 11:05:43,896 - INFO - Valid drivers: 8, Removed: 2
2026-03-24 11:05:43,896 - INFO - Validating rides...
2026-03-24 11:05:43,904 - INFO - Valid rides: 9, Removed: 6
2026-03-24 11:05:43,905 - INFO - Generating anomaly report...
2026-03-24 11:05:43,905 - INFO - Checking high fare anomalies...
2026-03-24 11:05:43,907 - INFO - High fare anomalies found: 1
2026-03-24 11:05:43,907 - INFO - Checking rapid ride anomalies...
2026-03-24 11:05:43,916 - INFO - Rapid ride anomalies found: 0
2026-03-24 11:05:43,916 - INFO - Anomaly report generated
2026-03-24 11:05:43,917 - INFO - Calculating performance metrics...
2026-03-24 11:05:43,931 - INFO - Performance calculation completed
2026-03-24 11:05:43,939 - INFO - Files saved successfully
2026-03-24 11:05:43,939 - INFO - Engine execution completed
2026-03-24 11:07:34,976 - INFO - Starting Ride Analytics Engine...
2026-03-24 11:07:34,976 - INFO - Loading CSV files...
2026-03-24 11:07:34,986 - INFO - Files loaded successfully
2026-03-24 11:07:34,986 - INFO - Validating drivers...
2026-03-24 11:07:34,989 - INFO - Valid drivers: 8, Removed: 2
2026-03-24 11:07:34,989 - INFO - Validating rides...
2026-03-24 11:07:34,996 - INFO - Valid rides: 9, Removed: 6
2026-03-24 11:07:34,996 - INFO - Generating anomaly report...
2026-03-24 11:07:34,996 - INFO - Checking high fare anomalies...
2026-03-24 11:07:34,997 - INFO - High fare anomalies found: 1
2026-03-24 11:07:34,997 - INFO - Checking rapid ride anomalies...
2026-03-24 11:07:35,003 - INFO - Rapid ride anomalies found: 0
2026-03-24 11:07:35,003 - INFO - Anomaly report generated
2026-03-24 11:07:35,003 - INFO - Calculating performance metrics...
2026-03-24 11:07:35,011 - INFO - Performance calculation completed
2026-03-24 11:07:35,016 - INFO - Files saved successfully
2026-03-24 11:07:35,016 - INFO - Engine execution completed
2026-03-24 11:08:22,620 - INFO - Starting Ride Analytics Engine...
2026-03-24 11:08:22,620 - INFO - Loading CSV files...
2026-03-24 11:08:22,631 - INFO - Files loaded successfully
2026-03-24 11:08:22,631 - INFO - Validating drivers...
2026-03-24 11:08:22,634 - INFO - Valid drivers: 8, Removed: 2
2026-03-24 11:08:22,635 - INFO - Validating rides...
2026-03-24 11:08:22,643 - INFO - Valid rides: 9, Removed: 6
2026-03-24 11:08:22,644 - INFO - Generating anomaly report...
2026-03-24 11:08:22,644 - INFO - Checking high fare anomalies...
2026-03-24 11:08:22,646 - INFO - High fare anomalies found: 1
2026-03-24 11:08:22,646 - INFO - Checking rapid ride anomalies...
2026-03-24 11:08:22,652 - INFO - Rapid ride anomalies found: 0
2026-03-24 11:08:22,653 - INFO - Anomaly report generated
2026-03-24 11:08:22,653 - INFO - Calculating performance metrics...
2026-03-24 11:08:22,665 - INFO - Performance calculation completed
2026-03-24 11:08:22,672 - INFO - Files saved successfully
2026-03-24 11:08:22,672 - INFO - Engine execution completed
2026-03-24 11:11:04,657 - INFO - Starting Ride Analytics Engine...
2026-03-24 11:11:04,658 - INFO - Loading CSV files...
2026-03-24 11:11:04,664 - INFO - Files loaded successfully
2026-03-24 11:11:04,664 - INFO - Validating drivers...
2026-03-24 11:11:04,666 - INFO - Valid drivers: 8, Removed: 2
2026-03-24 11:11:04,667 - INFO - Validating rides...
2026-03-24 11:11:04,671 - INFO - Valid rides: 9, Removed: 6
2026-03-24 11:11:04,671 - INFO - Generating anomaly report...
2026-03-24 11:11:04,671 - INFO - Checking high fare anomalies...
2026-03-24 11:11:04,672 - INFO - High fare anomalies found: 1
2026-03-24 11:11:04,672 - INFO - Checking rapid ride anomalies...
2026-03-24 11:11:04,676 - INFO - Rapid ride anomalies found: 0
2026-03-24 11:11:04,676 - INFO - Anomaly report generated
2026-03-24 11:11:04,677 - INFO - Calculating performance metrics...
2026-03-24 11:11:04,684 - INFO - Performance calculation completed
2026-03-24 11:11:04,687 - INFO - Files saved successfully
2026-03-24 11:11:04,687 - INFO - Engine execution completed
2026-03-24 11:11:44,066 - INFO - Starting Ride Analytics Engine...
2026-03-24 11:11:44,078 - INFO - Loading CSV files...
2026-03-24 11:11:44,108 - INFO - Files loaded successfully
2026-03-24 11:11:44,109 - INFO - Validating drivers...
2026-03-24 11:11:44,133 - INFO - Valid drivers: 8, Removed: 2
2026-03-24 11:11:44,133 - INFO - Validating rides...
2026-03-24 11:11:44,158 - INFO - Valid rides: 9, Removed: 6
2026-03-24 11:11:44,159 - INFO - Generating anomaly report...
2026-03-24 11:11:44,159 - INFO - Checking high fare anomalies...
2026-03-24 11:11:44,165 - INFO - High fare anomalies found: 1
2026-03-24 11:11:44,165 - INFO - Checking rapid ride anomalies...
2026-03-24 11:11:44,182 - INFO - Rapid ride anomalies found: 0
2026-03-24 11:11:44,182 - INFO - Anomaly report generated
2026-03-24 11:11:44,184 - INFO - Calculating performance metrics...
2026-03-24 11:11:44,204 - INFO - Performance calculation completed
2026-03-24 11:11:44,213 - INFO - Files saved successfully
2026-03-24 11:11:44,213 - INFO - Engine execution completed
